// Jest Snapshot v1, https://goo.gl/fbAQLP

exports[`LineBox Shallow LineBox snapshot 1`] = `
<div
  className="sc-bdVaJa cQusm"
>
  <div
    id="children1"
  />
  <div
    id="children2"
  />
</div>
`;
