// Jest Snapshot v1, https://goo.gl/fbAQLP

exports[`VerticalBox Shallow Sizer snapshot 1`] = `
<div>
  <div
    className="sc-bdVaJa kUhAfA"
  />
  <div
    className="sc-bwzfXH hvNiVj"
    size={18}
  />
  <div
    className="sc-htpNat enWhWs"
    size={28}
  />
</div>
`;
